// Jest Snapshot v1, https://goo.gl/fbAQLP

exports[`Form Form Snapshots Should match the snapshot 1`] = `
<section
  className="enter-form"
>
  <input
    name="name"
    onChange={[Function]}
    placeholder="Name"
    value=""
  />
  <input
    name="date"
    onChange={[Function]}
    placeholder="Date"
    value=""
  />
  <input
    name="time"
    onChange={[Function]}
    placeholder="Time"
    value=""
  />
  <input
    name="number"
    onChange={[Function]}
    placeholder="Number of Guests"
    value={0}
  />
  <button
    onClick={[Function]}
    type="button"
  >
    Make Reservation
  </button>
</section>
`;
