// Jest Snapshot v1, https://goo.gl/fbAQLP

exports[`App App Snapshots Should match the snapshot 1`] = `
<div
  className="App"
>
  <h1
    className="app-title"
  >
    Turing Cafe Reservations
  </h1>
  <div
    className="resy-form"
  />
  <div
    className="enter-form"
  >
    <Form
      addNewReservation={[Function]}
    />
  </div>
  <div
    className="resy-container"
  >
    <CardContainer
      ogReservations={Array []}
    />
  </div>
</div>
`;
